******************************************************************************
                  TI ARM Linker PC v18.1.4                     
******************************************************************************
>> Linked Thu May 19 11:18:18 2022

OUTPUT FILE NAME:   <Triband1.2.3.out>
ENTRY POINT SYMBOL: "_c_int00_noargs"  address: 000146c5


MEMORY CONFIGURATION

         name            origin    length      used     unused   attr    fill
----------------------  --------  ---------  --------  --------  ----  --------
  FLASH                 00000000   00080000  00017650  000689b0  R  X
  SRAM                  20000000   00040000  0002a060  00015fa0  RW X


SEGMENT ALLOCATION MAP

run origin  load origin   length   init length attrs members
----------  ----------- ---------- ----------- ----- -------
00000000    00000000    00017650   00017650    r-x
  00000000    00000000    00000200   00000200    r-- .intvecs
  00000200    00000200    0001596c   0001596c    r-x .text
  00015b6c    00015b6c    000016c4   000016c4    r-- .const
  00017230    00017230    00000420   00000420    r-- .cinit
20000000    20000000    0002a064   00000000    rw-
  20000000    20000000    0000026c   00000000    rw- .vtable
  20000270    20000270    00014000   00000000    rw- .stack
  20014270    20014270    00014000   00000000    rw- .sysmem
  20028270    20028270    00001450   00000000    rw- .bss
  200296c0    200296c0    000009a4   00000000    rw- .data


SECTION ALLOCATION MAP

 output                                  attributes/
section   page    origin      length       input sections
--------  ----  ----------  ----------   ----------------
.intvecs   0    00000000    00000200     
                  00000000    00000200     tm4c1294kcpdt_startup_ccs.obj (.intvecs)

.text      0    00000200    0001596c     
                  00000200    000012cc     ad9361_api.obj (.text:ad9361_init)
                  000014cc    00000c14     ad9361.obj (.text:ad9361_gc_setup)
                  000020e0    00000a5e     rtsv7M4_T_le_v4SPD16_eabi.lib : _printfi.c.obj (.text:__TI_printfi)
                  00002b3e    00000002     tm4c1294kcpdt_startup_ccs.obj (.text:FaultISR)
                  00002b40    000009d0     systemFunctions.obj (.text:convertToString)
                  00003510    000009c4     systemFunctions.obj (.text:stringToStruct)
                  00003ed4    00000994     user_interface_recieve.obj (.text:parse_string)
                  00004868    00000944     ad9361.obj (.text:ad9361_setup)
                  000051ac    00000788     ad9361.obj (.text:ad9361_rx_adc_setup)
                  00005934    00000660     main.obj (.text:main)
                  00005f94    000005a8     othInterfaceHandler.obj (.text:init_hardware)
                  0000653c    00000574     adHandler.obj (.text:init_all_AD)
                  00006ab0    00000454     ad9361.obj (.text:ad9361_tx_quad_calib)
                  00006f04    0000041a     ad9361.obj (.text:ad9361_set_clk_scaler)
                  0000731e    00000002     tm4c1294kcpdt_startup_ccs.obj (.text:IntDefaultHandler)
                  00007320    00000418     othInterfaceHandler.obj (.text:sendToFpga)
                  00007738    000003cc     systemFunctions.obj (.text:set_system_info)
                  00007b04    00000394     ad9361.obj (.text:ad9361_validate_enable_fir)
                  00007e98    00000390     Adutil.obj (.text:clk_set_rate)
                  00008228    00000377     ad9361.obj (.text:register_clocks)
                  0000859f    00000001     --HOLE-- [fill = 000000ff]
                  000085a0    00000364     ad9361.obj (.text:ad9361_calculate_rf_clock_chain)
                  00008904    0000034c     ad9361.obj (.text:ad9361_gc_update)
                  00008c50    0000031c     ad9361.obj (.text:ad9361_ensm_set_state)
                  00008f6c    000002a4     ad9361.obj (.text:ad9361_rfpll_int_set_rate)
                  00009210    0000029e     ad9361.obj (.text:ad9361_rssi_setup)
                  000094ae    00000002     tm4c1294kcpdt_startup_ccs.obj (.text:NmiSR)
                  000094b0    00000296     ad9361.obj (.text:ad9361_get_clk_scaler)
                  00009746    00000002     rtsv7M4_T_le_v4SPD16_eabi.lib : _lock.c.obj (.text:_nop)
                  00009748    00000284     ad9361.obj (.text:ad9361_load_fir_filter_coef)
                  000099cc    00000272     ad9361.obj (.text:ad9361_clk_register)
                  00009c3e    00000002     usblib.lib : usbdma.obj (.text:iDMAUSBArbSizeSet)
                  00009c40    00000270     rtsv7M4_T_le_v4SPD16_eabi.lib : _printfi.c.obj (.text:_pconv_a)
                  00009eb0    0000026c     modem_handler.obj (.text:parse_network_mode)
                  0000a11c    0000022c     ad9361.obj (.text:ad9361_rfpll_vco_init)
                  0000a348    00000200     driverlib.lib : sysctl.obj (.text:SysCtlClockFreqSet)
                  0000a548    000001fb     ad9361.obj (.text:set_split_table_gain)
                  0000a743    00000001     --HOLE-- [fill = 000000ff]
                  0000a744    000001e4     ad9361.obj (.text:ad9361_rfpll_int_recalc_rate)
                  0000a928    000001d8     usbdhid.obj (.text:HandleRequest)
                  0000ab00    000001d0     rtsv7M4_T_le_v4SPD16_eabi.lib : _printfi.c.obj (.text:_pconv_g)
                  0000acd0    000001c9     ad9361.obj (.text:ad9361_set_gain_ctrl_mode)
                  0000ae99    00000001     --HOLE-- [fill = 000000ff]
                  0000ae9a    00000002     usblib.lib : usbdma.obj (.text:iDMAUSBUnitSizeSet)
                  0000ae9c    000001bc     main.obj (.text:checkAndSendAlarm)
                  0000b058    000001b6     rtsv7M4_T_le_v4SPD16_eabi.lib : fd_add_t2.asm.obj (.text)
                  0000b20e    00000002     othInterfaceHandler.obj (.text:init_var)
                  0000b210    000001b4     ad9361.obj (.text:ad9361_load_gt)
                  0000b3c4    000001b4     modem_handler.obj (.text:parser_handle_line)
                  0000b578    000001aa     ad9361.obj (.text:ad9361_fastlock_prepare)
                  0000b722    00000002     modem_handler.obj (.text:parse_data_mode)
                  0000b724    00000198     ad9361.obj (.text:ad9361_bbpll_set_rate)
                  0000b8bc    00000198     ad9361.obj (.text:ad9361_rx_tia_calib)
                  0000ba54    00000188     pinout.obj (.text:PinoutSet)
                  0000bbdc    00000188     modem_handler.obj (.text:initmodem)
                  0000bd64    00000182     ad9361.obj (.text:ad9361_set_trx_clock_chain)
                  0000bee6    00000002     rtsv7M4_T_le_v4SPD16_eabi.lib : div0.asm.obj (.text)
                  0000bee8    0000016c     ad9361.obj (.text:ad9361_rx_bb_analog_filter_calib)
                  0000c054    00000168     ad9361.obj (.text:ad9361_rfpll_set_rate)
                  0000c1bc    00000164     usbdhid.obj (.text:USBDHIDCompositeInit)
                  0000c320    00000164     usblib.lib : usbdma.obj (.text:USBLibDMAInit)
                  0000c484    0000015c     ad9361.obj (.text:ad9361_tx_bb_second_filter_calib)
                  0000c5e0    00000150     usblib.lib : usbdenum.obj (.text:USBDCDInit)
                  0000c730    00000150                : usbdenum.obj (.text:USBDEP0StateTxConfig)
                  0000c880    00000150                : usbdenum.obj (.text:USBDeviceIntHandlerInternal)
                  0000c9d0    0000014c     othInterfaceHandler.obj (.text:general_timer_hadler)
                  0000cb1c    00000148     usblib.lib : usbdconfig.obj (.text:USBDeviceConfig)
                  0000cc64    00000148     modem_handler.obj (.text:accumelateData)
                  0000cdac    00000144     ad9361.obj (.text:ad9361_txrx_synth_cp_calib)
                  0000cef0    0000013c     rtsv7M4_T_le_v4SPD16_eabi.lib : _printfi.c.obj (.text:_pconv_e)
                  0000d02c    0000013c     ad9361.obj (.text:ad9361_ensm_force_state)
                  0000d168    00000136     rtsv7M4_T_le_v4SPD16_eabi.lib : fd_div_t2.asm.obj (.text)
                  0000d29e    00000132     driverlib.lib : gpio.obj (.text:GPIOPadConfigSet)
                  0000d3d0    00000132     ad9361.obj (.text:ad9361_trx_ext_lo_control)
                  0000d502    00000002     usblib.lib : usbdma.obj (.text:uDMAUSBChannelIntDisable)
                  0000d504    00000130     ad9361.obj (.text:ad9361_auxdac_set)
                  0000d634    00000130     ad9361.obj (.text:ad9361_pp_port_setup)
                  0000d764    0000012e     Adutil.obj (.text:ilog2)
                  0000d892    00000124     usbdhidkeyb.obj (.text:HIDKeyboardRxHandler)
                  0000d9b6    00000002     usblib.lib : usbdma.obj (.text:uDMAUSBChannelIntEnable)
                  0000d9b8    00000124     rtsv7M4_T_le_v4SPD16_eabi.lib : _printfi.c.obj (.text:fcvt)
                  0000dadc    00000124     eepromHandler.obj (.text:read_all_data)
                  0000dc00    0000011c     usbdhidkeyb.obj (.text:USBDHIDKeyboardCompositeInit)
                  0000dd1c    00000114     rtsv7M4_T_le_v4SPD16_eabi.lib : fputs.c.obj (.text:fputs)
                  0000de30    00000110                                   : s_scalbn.c.obj (.text:scalbn)
                  0000df40    00000106     ad9361_api.obj (.text:ad9361_trx_load_enable_fir)
                  0000e046    00000002     --HOLE-- [fill = 000000ff]
                  0000e048    00000104     systemFunctions.obj (.text:get_hump_info)
                  0000e14c    000000fc     rtsv7M4_T_le_v4SPD16_eabi.lib : fd_mul_t2.asm.obj (.text)
                  0000e248    000000f8     ad9361.obj (.text:ad9361_gpo_setup)
                  0000e340    000000f6     ad9361.obj (.text:set_full_table_gain)
                  0000e436    000000f4     usblib.lib : usbdma.obj (.text:iDMAUSBTransfer)
                  0000e52a    00000002     --HOLE-- [fill = 000000ff]
                  0000e52c    000000f0     ad9361.obj (.text:ad9361_rf_dc_offset_calib)
                  0000e61c    000000ee     usbdhid.obj (.text:ProcessIdleTimers)
                  0000e70a    000000ee     usbdhidkeyb.obj (.text:USBDHIDKeyboardKeyStateChange)
                  0000e7f8    000000ee     othInterfaceHandler.obj (.text:spi_write_then_read)
                  0000e8e6    00000002     --HOLE-- [fill = 000000ff]
                  0000e8e8    000000e9     ad9361.obj (.text:ad9361_set_rx_gain)
                  0000e9d1    00000003     --HOLE-- [fill = 000000ff]
                  0000e9d4    000000e6     Adutil.obj (.text:clk_get_rate)
                  0000eaba    00000002     --HOLE-- [fill = 000000ff]
                  0000eabc    000000e4     usblib.lib : usbdenum.obj (.text:USBDGetDescriptor)
                  0000eba0    000000e4     ad9361.obj (.text:ad9361_calc_rfpll_divder)
                  0000ec84    000000e0     ad9361.obj (.text:ad9361_load_mixer_gm_subtable)
                  0000ed64    000000e0     ad9361.obj (.text:ad9361_validate_trx_clock_chain)
                  0000ee44    000000de     ad9361.obj (.text:ad9361_ensm_restore_prev_state)
                  0000ef22    00000002     --HOLE-- [fill = 000000ff]
                  0000ef24    000000dc     rtsv7M4_T_le_v4SPD16_eabi.lib : setvbuf.c.obj (.text:setvbuf)
                  0000f000    000000dc     modem_handler.obj (.text:validateData)
                  0000f0dc    000000d8     usblib.lib : usbdenum.obj (.text:USBDeviceEnumHandler)
                  0000f1b4    000000d8     main.obj (.text:doOther)
                  0000f28c    000000d8     rtsv7M4_T_le_v4SPD16_eabi.lib : memory.c.obj (.text:free)
                  0000f364    000000d8     systemFunctions.obj (.text:set_band_info)
                  0000f43c    000000d6     ad9361.obj (.text:ad9361_tracking_control)
                  0000f512    000000d2     ad9361.obj (.text:ad9361_auxdac_setup)
                  0000f5e4    000000d2     ad9361.obj (.text:ad9361_check_cal_done)
                  0000f6b6    00000002     --HOLE-- [fill = 000000ff]
                  0000f6b8    000000d0     usblib.lib : usbdma.obj (.text:uDMAUSBChannelAllocate)
                  0000f788    000000d0     user_interface_recieve.obj (.text:usb_string_sender)
                  0000f858    000000cc     ad9361.obj (.text:ad9361_set_tx_atten)
                  0000f924    000000cc     ad9361.obj (.text:ad9361_tx_bb_analog_filter_calib)
                  0000f9f0    000000ca     ad9361.obj (.text:ad9361_txmon_setup)
                  0000faba    00000002     --HOLE-- [fill = 000000ff]
                  0000fabc    000000c4     driverlib.lib : eeprom.obj (.text:EEPROMProgram)
                  0000fb80    000000c4     ad9361.obj (.text:ad9361_bbpll_round_rate)
                  0000fc44    000000c0     usbdhid.obj (.text:HandleDevice)
                  0000fd04    000000c0     user_interface_recieve.obj (.text:collect_data_in_buffer)
                  0000fdc4    000000be     ad9361.obj (.text:ad9361_rfpll_round_rate)
                  0000fe82    00000002     --HOLE-- [fill = 000000ff]
                  0000fe84    000000bc     usbdhid.obj (.text:USBDHIDPacketRead)
                  0000ff40    000000bc     usblib.lib : usbdma.obj (.text:uDMAUSBTransfer)
                  0000fffc    000000b8     ad9361.obj (.text:ad9361_set_ensm_mode)
                  000100b4    000000b8     ad9361.obj (.text:ad9361_tx_quad_phase_search)
                  0001016c    000000b4     ad9361.obj (.text:ad9361_auxadc_setup)
                  00010220    000000b1     rtsv7M4_T_le_v4SPD16_eabi.lib : _printfi.c.obj (.text:_ltostr)
                  000102d1    00000003     --HOLE-- [fill = 000000ff]
                  000102d4    000000b0     ad9361.obj (.text:ad9361_clk_factor_round_rate)
                  00010384    000000b0     paHandler.obj (.text:pa_downlink_onoff)
                  00010434    000000b0     paHandler.obj (.text:pa_uplink_onoff)
                  000104e4    000000aa     usbdhid.obj (.text:FindHIDDescriptor)
                  0001058e    000000a8     usbdhid.obj (.text:HandleGetDescriptor)
                  00010636    000000a8     ad9361.obj (.text:ad9361_rfpll_recalc_rate)
                  000106de    00000002     --HOLE-- [fill = 000000ff]
                  000106e0    000000a4     usbdhid.obj (.text:ProcessDataFromHost)
                  00010784    000000a4     ad9361.obj (.text:ad9361_bbpll_recalc_rate)
                  00010828    000000a2     ad9361.obj (.text:ad9361_do_calib_run)
                  000108ca    000000a0     ad9361.obj (.text:ad9361_update_rf_bandwidth)
                  0001096a    0000009e     ad9361.obj (.text:__ad9361_update_rf_bandwidth)
                  00010a08    0000009c     rtsv7M4_T_le_v4SPD16_eabi.lib : memcpy_t2.asm.obj (.text)
                  00010aa4    00000098     usblib.lib : usbdenum.obj (.text:USBDSetInterface)
                  00010b3c    00000098     main.obj (.text:init_usb)
                  00010bd4    00000096     usbdhid.obj (.text:SetIdleTimeout)
                  00010c6a    00000096     rtsv7M4_T_le_v4SPD16_eabi.lib : ull_div_t2.asm.obj (.text)
                  00010d00    00000094     ad9361_api.obj (.text:ad9361_set_trx_fir_en_dis)
                  00010d94    00000090     usblib.lib : usbdenum.obj (.text:USBDCDFeatureSet)
                  00010e24    00000090                : usbdenum.obj (.text:USBDSetConfiguration)
                  00010eb4    00000090     ad9361.obj (.text:__ad9361_tx_quad_calib)
                  00010f44    0000008c     usblib.lib : usbdconfig.obj (.text:USBDeviceConfigAlternate)
                  00010fd0    0000008c     ad9361.obj (.text:ad9361_clk_factor_set_rate)
                  0001105c    0000008c     rtsv7M4_T_le_v4SPD16_eabi.lib : fputc.c.obj (.text:fputc)
                  000110e8    0000008a     usbdhidkeyb.obj (.text:RemoveKeyFromPressedList)
                  00011172    00000088     usblib.lib : usbdma.obj (.text:iDMAUSBChannelAllocate)
                  000111fa    00000086     rtsv7M4_T_le_v4SPD16_eabi.lib : fd_cmp_t2.asm.obj (.text:__aeabi_cdcmple)
                  00011280    00000086                                   : fd_cmp_t2.asm.obj (.text:__aeabi_cdrcmple)
                  00011306    00000002     --HOLE-- [fill = 000000ff]
                  00011308    00000084     modem_handler.obj (.text:parser_handle_data_mode)
                  0001138c    00000084     driverlib.lib : udma.obj (.text:uDMAChannelTransferSet)
                  00011410    00000082     ad9361.obj (.text:ad9361_find_opt)
                  00011492    00000002     --HOLE-- [fill = 000000ff]
                  00011494    00000082     ad9361.obj (.text:ad9361_spi_write)
                  00011516    00000002     --HOLE-- [fill = 000000ff]
                  00011518    00000080     usbdhid.obj (.text:ProcessDataToHost)
                  00011598    0000007c     usblib.lib : usbdenum.obj (.text:USBDClearFeature)
                  00011614    0000007c     usbdhid.obj (.text:USBDHIDReportWrite)
                  00011690    0000007c     ad9361.obj (.text:ad9361_txmon_control)
                  0001170c    0000007a     driverlib.lib : adc.obj (.text:ADCSequenceStepConfigure)
                  00011786    0000007a                   : usb.obj (.text:USBDevEndpointConfigSet)
                  00011800    0000007a     rtsv7M4_T_le_v4SPD16_eabi.lib : memset_t2.asm.obj (.text)
                  0001187a    00000078     usbdhidkeyb.obj (.text:AddKeyToPressedList)
                  000118f2    00000002     --HOLE-- [fill = 000000ff]
                  000118f4    00000078     usblib.lib : usbdenum.obj (.text:USBDGetStatus)
                  0001196c    00000078     rtsv7M4_T_le_v4SPD16_eabi.lib : memory.c.obj (.text:malloc)
                  000119e4    00000078     modem_handler.obj (.text:modem_uart_handler)
                  00011a5c    00000076     ad9361.obj (.text:ad9361_rf_port_setup)
                  00011ad2    00000002     --HOLE-- [fill = 000000ff]
                  00011ad4    00000074     usbdhid.obj (.text:ScheduleReportTransmission)
                  00011b48    00000074     main.obj (.text:SendString)
                  00011bbc    00000074     rtsv7M4_T_le_v4SPD16_eabi.lib : fclose.c.obj (.text:__TI_closefile)
                  00011c30    00000074     ad9361.obj (.text:ad9361_setup_ext_lna)
                  00011ca4    00000074     spi_flash.obj (.text:m25p16_init2)
                  00011d18    00000072     usblib.lib : usbdma.obj (.text:uDMAUSBUnitSizeSet)
                  00011d8a    00000002     --HOLE-- [fill = 000000ff]
                  00011d8c    00000070     driverlib.lib : sysctl.obj (.text:SysCtlVCOGet)
                  00011dfc    00000070     usblib.lib : usbdenum.obj (.text:USBDEP0StateTx)
                  00011e6c    00000070                : usbdenum.obj (.text:USBDSetFeature)
                  00011edc    00000070     ad9361.obj (.text:ad9361_spi_readm)
                  00011f4c    00000070     modem_handler.obj (.text:generic_line_scanner)
                  00011fbc    00000070     usblib.lib : usbdma.obj (.text:uDMAUSBArbSizeSet)
                  0001202c    0000006e     rtsv7M4_T_le_v4SPD16_eabi.lib : _printfi.c.obj (.text:_mcpy)
                  0001209a    0000006e     ad9361_api.obj (.text:ad9361_set_tx_attenuation)
                  00012108    0000006c     Adutil.obj (.text:__ffs)
                  00012174    0000006c     ad9361.obj (.text:ad9361_init_gain_tables)
                  000121e0    0000006c     ad9361.obj (.text:ad9361_reset)
                  0001224c    0000006c     othInterfaceHandler.obj (.text:setheader)
                  000122b8    00000068     rtsv7M4_T_le_v4SPD16_eabi.lib : hostlseek.c.obj (.text:HOSTlseek)
                  00012320    00000068                                   : hostrename.c.obj (.text:HOSTrename)
                  00012388    00000068     driverlib.lib : interrupt.obj (.text:IntDisable)
                  000123f0    00000068                   : interrupt.obj (.text:IntEnable)
                  00012458    00000068     ad9361.obj (.text:ad9361_validate_rf_bw)
                  000124c0    00000068     rtsv7M4_T_le_v4SPD16_eabi.lib : copy_decompress_lzss.c.obj (.text:decompress:lzss:__TI_decompress_lzss)
                  00012528    00000068     spi_flash.obj (.text:m25p16_init1)
                  00012590    00000068     rtsv7M4_T_le_v4SPD16_eabi.lib : printf.c.obj (.text:printf)
                  000125f8    00000064     driverlib.lib : interrupt.obj (.text:IntIsEnabled)
                  0001265c    00000064     main.obj (.text:KeyboardHandler)
                  000126c0    00000064     rtsv7M4_T_le_v4SPD16_eabi.lib : s_frexp.c.obj (.text:frexp)
                  00012724    00000064                                   : fseek.c.obj (.text:fseek)
                  00012788    00000064     usblib.lib : usbdma.obj (.text:uDMAUSBChannelEnable)
                  000127ec    00000062     rtsv7M4_T_le_v4SPD16_eabi.lib : _io_perm.c.obj (.text:__TI_wrt_ok)
                  0001284e    00000060     usbdhidkeyb.obj (.text:HIDKeyboardTxHandler)
                  000128ae    00000002     --HOLE-- [fill = 000000ff]
                  000128b0    00000060     usbdhid.obj (.text:HIDTickHandler)
                  00012910    00000060     rtsv7M4_T_le_v4SPD16_eabi.lib : hostopen.c.obj (.text:HOSTopen)
                  00012970    00000060     driverlib.lib : timer.obj (.text:TimerConfigure)
                  000129d0    00000060     usblib.lib : usbdenum.obj (.text:USBDReadAndDispatchRequest)
                  00012a30    00000060     ad9361.obj (.text:__ad9361_spi_writef)
                  00012a90    00000060     ad9361.obj (.text:ad9361_calc_rfpll_int_freq)
                  00012af0    0000005e     usbdhid.obj (.text:ClearReportTimer)
                  00012b4e    0000005e     driverlib.lib : usb.obj (.text:USBDevEndpointStatusClear)
                  00012bac    0000005c     rtsv7M4_T_le_v4SPD16_eabi.lib : close.c.obj (.text:close)
                  00012c08    0000005c     othInterfaceHandler.obj (.text:footer)
                  00012c64    0000005a     eepromHandler.obj (.text:program_eeprom_band)
                  00012cbe    00000002     --HOLE-- [fill = 000000ff]
                  00012cc0    00000058     othInterfaceHandler.obj (.text:FPGA1IntHandler)
                  00012d18    00000058     othInterfaceHandler.obj (.text:FPGA2IntHandler)
                  00012d70    00000058     rtsv7M4_T_le_v4SPD16_eabi.lib : hostread.c.obj (.text:HOSTread)
                  00012dc8    00000058                                   : hostwrite.c.obj (.text:HOSTwrite)
                  00012e20    00000058     main.obj (.text:SendCharUSB)
                  00012e78    00000058     main.obj (.text:WaitForSendIdle)
                  00012ed0    00000056     rtsv7M4_T_le_v4SPD16_eabi.lib : _printfi.c.obj (.text:_pconv_f)
                  00012f26    00000056     Adutil.obj (.text:int_sqrt)
                  00012f7c    00000056     usblib.lib : usbdma.obj (.text:uDMAUSBChannelRelease)
                  00012fd2    00000002     --HOLE-- [fill = 000000ff]
                  00012fd4    00000054     usbdhidkeyb.obj (.text:USBDHIDKeyboardInit)
                  00013028    00000054     rtsv7M4_T_le_v4SPD16_eabi.lib : ltoa.c.obj (.text:ltoa)
                  0001307c    00000054     adHandler.obj (.text:set_ad_att_dl)
                  000130d0    00000054     adHandler.obj (.text:set_lo_freq)
                  00013124    00000052     usblib.lib : usbulpi.obj (.text:ULPIConfigSet)
                  00013176    00000052     rtsv7M4_T_le_v4SPD16_eabi.lib : _printfi.c.obj (.text:_ecpy)
                  000131c8    00000050     driverlib.lib : adc.obj (.text:ADCSequenceConfigure)
                  00013218    00000050                   : sysctl.obj (.text:SysCtlPeripheralReset)
                  00013268    00000050     usblib.lib : usbdcdesc.obj (.text:USBDCDConfigDescGet)
                  000132b8    00000050                : usbdenum.obj (.text:USBDeviceResumeTickHandler)
                  00013308    00000050     ad9361.obj (.text:__ad9361_spi_readf)
                  00013358    00000050     adHandler.obj (.text:ad_ctrl_mode_dl)
                  000133a8    00000050     adHandler.obj (.text:set_ad_att_ul)
                  000133f8    0000004e     usbdhid.obj (.text:HandleEndpoints)
                  00013446    0000004c     usblib.lib : usbdconfig.obj (.text:GetEPDescriptorType)
                  00013492    0000004c     usbdhid.obj (.text:GetIdleTimeout)
                  000134de    00000002     --HOLE-- [fill = 000000ff]
                  000134e0    0000004c     usblib.lib : usbdenum.obj (.text:USBDStringIndexFromRequest)
                  0001352c    0000004c     driverlib.lib : usb.obj (.text:USBEndpointDMAConfigSet)
                  00013578    0000004c     rtsv7M4_T_le_v4SPD16_eabi.lib : fflush.c.obj (.text:__TI_doflush)
                  000135c4    0000004c     ad9361.obj (.text:ad9361_clkout_control)
                  00013610    0000004c     adHandler.obj (.text:ad_ctrl_mode_ul)
                  0001365c    0000004c     rtsv7M4_T_le_v4SPD16_eabi.lib : atoi.c.obj (.text:atoi)
                  000136a8    0000004c     usblib.lib : usbdma.obj (.text:iDMAUSBChannelEnable)
                  000136f4    0000004a                : usbdcdesc.obj (.text:ConfigAlternateInterfaceGet)
                  0001373e    0000004a     driverlib.lib : usb.obj (.text:USBDevEndpointStallClear)
                  00013788    0000004a     ad9361.obj (.text:ad9361_fastlock_readval)
                  000137d2    0000004a     ad9361.obj (.text:ad9361_ref_div_sel)
                  0001381c    0000004a     usblib.lib : usbdma.obj (.text:uDMAUSBChannelDisable)
                  00013866    00000002     --HOLE-- [fill = 000000ff]
                  00013868    00000048     driverlib.lib : gpio.obj (.text:GPIOPinConfigure)
                  000138b0    00000048     usbdhid.obj (.text:HandleConfigChange)
                  000138f8    00000048     usblib.lib : usbdenum.obj (.text:USBDCDDeviceInfoInit)
                  00013940    00000048                : usbdenum.obj (.text:USBDeviceEnumResetHandler)
                  00013988    00000048     driverlib.lib : sysctl.obj (.text:_SysCtlFrequencyGet)
                  000139d0    00000048     ad9361.obj (.text:ad9361_bb_clk_change_handler)
                  00013a18    00000048     ad9361_api.obj (.text:ad9361_set_rx_gain_control_mode)
                  00013a60    00000048     ad9361.obj (.text:ad9361_to_refclk_scaler)
                  00013aa8    00000048     modem_handler.obj (.text:at_prefix_in_table)
                  00013af0    00000048     rtsv7M4_T_le_v4SPD16_eabi.lib : exit.c.obj (.text:exit)
                  00013b38    00000048     othInterfaceHandler.obj (.text:fpga_reset)
                  00013b80    00000048     rtsv7M4_T_le_v4SPD16_eabi.lib : fd_toi_t2.asm.obj (.text)
                  00013bc8    00000048     driverlib.lib : udma.obj (.text:uDMAChannelAttributeDisable)
                  00013c10    00000046                   : uart.obj (.text:UARTConfigSetExpClk)
                  00013c56    00000046                   : usb.obj (.text:USBEndpointDataGet)
                  00013c9c    00000044     rtsv7M4_T_le_v4SPD16_eabi.lib : hostclose.c.obj (.text:HOSTclose)
                  00013ce0    00000044                                   : hostunlink.c.obj (.text:HOSTunlink)
                  00013d24    00000044     usblib.lib : usbdenum.obj (.text:USBDGetInterface)
                  00013d68    00000044     rtsv7M4_T_le_v4SPD16_eabi.lib : autoinit.c.obj (.text:__TI_auto_init_nobinit_nopinit:__TI_auto_init_nobinit_nopinit)
                  00013dac    00000044     ad9361_api.obj (.text:ad9361_set_rx_rf_gain)
                  00013df0    00000044     rtsv7M4_T_le_v4SPD16_eabi.lib : getdevice.c.obj (.text:getdevice)
                  00013e34    00000044     adHandler.obj (.text:set_rx_gain_downlink)
                  00013e78    00000042     ad9361.obj (.text:ad9361_trx_vco_cal_control)
                  00013eba    00000042     Adutil.obj (.text:do_div)
                  00013efc    00000040     driverlib.lib : eeprom.obj (.text:EEPROMInit)
                  00013f3c    00000040                   : uart.obj (.text:_UARTIntNumberGet)
                  00013f7c    00000040     ad9361.obj (.text:ad9361_en_dis_rx)
                  00013fbc    00000040     ad9361.obj (.text:ad9361_en_dis_tx)
                  00013ffc    00000040     ad9361.obj (.text:ad9361_gt_tableindex)
                  0001403c    00000040     ad9361.obj (.text:ad9361_rfpll_int_round_rate)
                  0001407c    00000040     ad9361.obj (.text:ad9361_set_dcxo_tune)
                  000140bc    00000040     ad9361_api.obj (.text:ad9361_set_rx_fir_config)
                  000140fc    00000040     modem_handler.obj (.text:modemLoop)
                  0001413c    00000040     adHandler.obj (.text:set_rx_gain_uplink)
                  0001417c    00000040     rtsv7M4_T_le_v4SPD16_eabi.lib : sprintf.c.obj (.text:sprintf)
                  000141bc    00000040                                   : strtok.c.obj (.text:strtok)
                  000141fc    0000003e     usbdhid.obj (.text:HandleEP0DataReceived)
                  0001423a    0000003e     rtsv7M4_T_le_v4SPD16_eabi.lib : _printfi.c.obj (.text:_fcpy)
                  00014278    0000003c     driverlib.lib : ssi.obj (.text:SSIConfigSetExpClk)
                  000142b4    0000003c     usbdhid.obj (.text:SetDeferredOpFlag)
                  000142f0    0000003c     usblib.lib : usbdenum.obj (.text:USBDCDRemoteWakeupRequest)
                  0001432c    0000003c     driverlib.lib : eeprom.obj (.text:_EEPROMSectorMaskSet)
                  00014368    0000003c     usblib.lib : usbdma.obj (.text:iDMAUSBChannelRelease)
                  000143a4    0000003c     rtsv7M4_T_le_v4SPD16_eabi.lib : memory.c.obj (.text:minsert)
                  000143e0    0000003c     systemFunctions.obj (.text:set_hump_info)
                  0001441c    0000003a     driverlib.lib : usb.obj (.text:USBFIFOConfigSet)
                  00014456    0000003a     ad9361_api.obj (.text:ad9361_set_tx_fir_config)
                  00014490    0000003a     ad9361.obj (.text:ad9361_spi_read)
                  000144ca    0000003a     modem_handler.obj (.text:parser_append)
                  00014504    00000038     usbdhid.obj (.text:ClearIdleTimers)
                  0001453c    00000038     driverlib.lib : eeprom.obj (.text:EEPROMRead)
                  00014574    00000038     usbdhid.obj (.text:HandleEP0DataSent)
                  000145ac    00000038     usblib.lib : usbtick.obj (.text:InternalUSBRegisterTickHandler)
                  000145e4    00000038                : usbtick.obj (.text:InternalUSBStartOfFrameTick)
                  0001461c    00000038                : usbdcdesc.obj (.text:USBDCDConfigGetInterfaceEndpoint)
                  00014654    00000038     driverlib.lib : usb.obj (.text:USBIntStatusControl)
                  0001468c    00000038     rtsv7M4_T_le_v4SPD16_eabi.lib : trgmsg.c.obj (.text:__TI_writemsg)
                  000146c4    00000038                                   : boot_cortex_m.c.obj (.text:_c_int00_noargs:_c_int00_noargs)
                  000146fc    00000038     ad9361.obj (.text:ad9361_bb_dc_offset_calib)
                  00014734    00000038     ad9361.obj (.text:ad9361_init_gain_info)
                  0001476c    00000038     rtsv7M4_T_le_v4SPD16_eabi.lib : memory.c.obj (.text:minit)
                  000147a4    00000038                                   : fs_tod_t2.asm.obj (.text)
                  000147dc    00000038     modem_handler.obj (.text:sendDataToModem)
                  00014814    00000038     systemFunctions.obj (.text:set_calib_info)
                  0001484c    00000036     usbdhid.obj (.text:USBDHIDInit)
                  00014882    00000036     driverlib.lib : usb.obj (.text:USBEndpointDataPut)
                  000148b8    00000036     rtsv7M4_T_le_v4SPD16_eabi.lib : strncpy.c.obj (.text:strncpy)
                  000148ee    00000002     --HOLE-- [fill = 000000ff]
                  000148f0    00000034     driverlib.lib : interrupt.obj (.text:IntRegister)
                  00014924    00000034     usblib.lib : usbdcdesc.obj (.text:NextConfigDescGet)
                  00014958    00000034     driverlib.lib : sysctl.obj (.text:SysCtlPeripheralEnable)
                  0001498c    00000034                   : usb.obj (.text:USBEndpointDataSend)
                  000149c0    00000034                   : eeprom.obj (.text:_EEPROMSectorMaskClear)
                  000149f4    00000034     rtsv7M4_T_le_v4SPD16_eabi.lib : fopen.c.obj (.text:__TI_cleanup)
                  00014a28    00000034                                   : trgmsg.c.obj (.text:__TI_readmsg)
                  00014a5c    00000034     ad9361.obj (.text:ad9361_run_calibration)
                  00014a90    00000034     ad9361_api.obj (.text:ad9361_set_tx_lo_freq)
                  00014ac4    00000034     usblib.lib : usbdma.obj (.text:iDMAUSBChannelStatus)
                  00014af8    00000034     modem_handler.obj (.text:modem_timer_hadler)
                  00014b2c    00000034     rtsv7M4_T_le_v4SPD16_eabi.lib : strstr.c.obj (.text:strstr)
                  00014b60    00000032     driverlib.lib : usb.obj (.text:USBDevEndpointStall)
                  00014b92    00000032     usblib.lib : usbdma.obj (.text:iDMAUSBChannelDisable)
                  00014bc4    00000030                : usbdma.obj (.text:DMAUSBIntHandler)
                  00014bf4    00000030                : usbtick.obj (.text:InternalUSBTickInit)
                  00014c24    00000030     othInterfaceHandler.obj (.text:LogIntHandler)
                  00014c54    00000030     usblib.lib : usbdenum.obj (.text:USBDGetConfiguration)
                  00014c84    00000030     rtsv7M4_T_le_v4SPD16_eabi.lib : getdevice.c.obj (.text:finddevice)
                  00014cb4    00000030     modem_handler.obj (.text:responseImmediate)
                  00014ce4    0000002e     modem_handler.obj (.text:parser_finalize)
                  00014d12    0000002e     rtsv7M4_T_le_v4SPD16_eabi.lib : i_tofd_t2.asm.obj (.text)
                  00014d40    0000002c     usbdhid.obj (.text:HandleDisconnect)
                  00014d6c    0000002c     othInterfaceHandler.obj (.text:SPI_TRANSMIT)
                  00014d98    0000002c     usblib.lib : usbdcdesc.obj (.text:USBDCDConfigDescGetNum)
                  00014dc4    0000002c                : usbdesc.obj (.text:USBDescGet)
                  00014df0    0000002c     ad9361.obj (.text:ad9361_clk_factor_recalc_rate)
                  00014e1c    0000002c     ad9361.obj (.text:ad9361_rfvco_tableindex)
                  00014e48    0000002c     rtsv7M4_T_le_v4SPD16_eabi.lib : strncmp.c.obj (.text:strncmp)
                  00014e74    0000002c     usblib.lib : usbdma.obj (.text:uDMAUSBIntStatus)
                  00014ea0    0000002c     rtsv7M4_T_le_v4SPD16_eabi.lib : unlink.c.obj (.text:unlink)
                  00014ecc    0000002a     driverlib.lib : gpio.obj (.text:GPIODirModeSet)
                  00014ef6    0000002a     usblib.lib : usbdesc.obj (.text:USBDescGetNum)
                  00014f20    0000002a     driverlib.lib : usb.obj (.text:USBDevEndpointDataAck)
                  00014f4a    0000002a     ad9361_api.obj (.text:ad9361_set_rx_lo_freq)
                  00014f74    0000002a     modem_handler.obj (.text:at_parser_reset)
                  00014f9e    0000002a     rtsv7M4_T_le_v4SPD16_eabi.lib : strspn.c.obj (.text:strspn)
                  00014fc8    00000028     othInterfaceHandler.obj (.text:Int_Watchdog)
                  00014ff0    00000028     othInterfaceHandler.obj (.text:LedBlink)
                  00015018    00000028     usblib.lib : usbdenum.obj (.text:USBDSetAddress)
                  00015040    00000028     driverlib.lib : usb.obj (.text:USBIntEnableControl)
                  00015068    00000028     rtsv7M4_T_le_v4SPD16_eabi.lib : lseek.c.obj (.text:lseek)
                  00015090    00000028                                   : memory.c.obj (.text:mremove)
                  000150b8    00000028     driverlib.lib : udma.obj (.text:uDMAChannelModeGet)
                  000150e0    00000028     rtsv7M4_T_le_v4SPD16_eabi.lib : write.c.obj (.text:write)
                  00015108    00000024     usbdhandler.obj (.text:USB0DeviceIntHandler)
                  0001512c    00000024     driverlib.lib : usb.obj (.text:USBEndpointDMADisable)
                  00015150    00000024                   : usb.obj (.text:USBEndpointDMAEnable)
                  00015174    00000024     usblib.lib : usbmode.obj (.text:USBStackModeSet)
                  00015198    00000024     ad9361.obj (.text:ad9361_ctrl_outs_setup)
                  000151bc    00000024     ad9361.obj (.text:ad9361_rfpll_dummy_set_rate)
                  000151e0    00000024     ad9361.obj (.text:ad9361_set_ref_clk_cycles)
                  00015204    00000024     ad9361.obj (.text:ad9361_verify_fir_filter_coef)
                  00015228    00000024     rtsv7M4_T_le_v4SPD16_eabi.lib : strcspn.c.obj (.text:strcspn)
                  0001524c    00000024     driverlib.lib : udma.obj (.text:uDMAChannelControlSet)
                  00015270    00000024     Adutil.obj (.text:zmalloc)
                  00015294    00000023     systemFunctions.obj (.text:itoa)
                  000152b7    00000001     --HOLE-- [fill = 000000ff]
                  000152b8    00000022     usblib.lib : usbdma.obj (.text:uDMAUSBChannelStatus)
                  000152da    00000020                : usbdconfig.obj (.text:GetEndpointFIFOSize)
                  000152fa    00000002     --HOLE-- [fill = 000000ff]
                  000152fc    00000020     driverlib.lib : uart.obj (.text:UARTDisable)
                  0001531c    00000020                   : sysctl.obj (.text:_SysCtlMemTimingGet)
                  0001533c    00000020     rtsv7M4_T_le_v4SPD16_eabi.lib : memchr.c.obj (.text:memchr)
                  0001535c    00000020     systemFunctions.obj (.text:set_modem_info)
                  0001537c    0000001e     usbdhid.obj (.text:USBDHIDTxPacketAvailable)
                  0001539a    0000001e     driverlib.lib : usb.obj (.text:USBULPIRegRead)
                  000153b8    0000001e                   : usb.obj (.text:USBULPIRegWrite)
                  000153d6    0000001e     ad9361.obj (.text:ad9361_rfpll_dummy_recalc_rate)
                  000153f4    0000001e     rtsv7M4_T_le_v4SPD16_eabi.lib : ll_lsr_t2.asm.obj (.text)
                  00015412    0000001e                                   : strcat.c.obj (.text:strcat)
                  00015430    0000001c     usbdhid.obj (.text:HandleResume)
                  0001544c    0000001c     usbdhid.obj (.text:HandleSuspend)
                  00015468    0000001c     usblib.lib : usbdcdesc.obj (.text:USBDCDConfigGetInterface)
                  00015484    0000001c                : usbdenum.obj (.text:USBDCDStallEP0)
                  000154a0    0000001c     ad9361.obj (.text:ad9361_set_muldiv)
                  000154bc    0000001c     systemFunctions.obj (.text:get_system_info)
                  000154d8    0000001c     rtsv7M4_T_le_v4SPD16_eabi.lib : memccpy.c.obj (.text:memccpy)
                  000154f4    0000001b     modem_handler.obj (.text:scanner_ok)
                  0001550f    00000001     --HOLE-- [fill = 000000ff]
                  00015510    0000001a     usblib.lib : usbdcdesc.obj (.text:USBDCDConfigDescGetSize)
                  0001552a    0000001a     driverlib.lib : usb.obj (.text:USBEndpointDMAChannel)
                  00015544    00000018                   : gpio.obj (.text:GPIOPinTypeGPIOOutput)
                  0001555c    00000018                   : timer.obj (.text:TimerDisable)
                  00015574    00000018                   : uart.obj (.text:UARTIntRegister)
                  0001558c    00000018     usblib.lib : usbdenum.obj (.text:USBDSetDescriptor)
                  000155a4    00000018                : usbdenum.obj (.text:USBDSyncFrame)
                  000155bc    00000018     rtsv7M4_T_le_v4SPD16_eabi.lib : sprintf.c.obj (.text:_outs)
                  000155d4    00000018     othInterfaceHandler.obj (.text:logdata)
                  000155ec    00000018     eepromHandler.obj (.text:program_eeprom)
                  00015604    00000018     eepromHandler.obj (.text:read_eeprom_system)
                  0001561c    00000018     rtsv7M4_T_le_v4SPD16_eabi.lib : ll_mul_t2.asm.obj (.text)
                  00015634    00000018                                   : strcmp.c.obj (.text:strcmp)
                  0001564c    00000018     driverlib.lib : udma.obj (.text:uDMAChannelDisable)
                  00015664    00000018                   : udma.obj (.text:uDMAChannelEnable)
                  0001567c    00000016     usbdhidkeyb.obj (.text:USBDHIDKeyboardRemoteWakeupRequest)
                  00015692    00000016     driverlib.lib : usb.obj (.text:USBIntEnableEndpoint)
                  000156a8    00000016     ad9361.obj (.text:ad9361_from_clk)
                  000156be    00000016     ad9361.obj (.text:ad9361_to_clk)
                  000156d4    00000016     rtsv7M4_T_le_v4SPD16_eabi.lib : strchr.c.obj (.text:strchr)
                  000156ea    00000002     --HOLE-- [fill = 000000ff]
                  000156ec    00000014     driverlib.lib : eeprom.obj (.text:EEPROMSizeGet)
                  00015700    00000014                   : sysctl.obj (.text:SysCtlUSBPLLEnable)
                  00015714    00000014                   : uart.obj (.text:UARTEnable)
                  00015728    00000014     usblib.lib : usbdenum.obj (.text:USBDCDRequestDataEP0)
                  0001573c    00000014                : usbdenum.obj (.text:USBDCDSendDataEP0)
                  00015750    00000014     driverlib.lib : usb.obj (.text:USBDMAChannelConfigSet)
                  00015764    00000014                   : usb.obj (.text:USBHostResume)
                  00015778    00000014                   : usb.obj (.text:_USBIndexWrite)
                  0001578c    00000014     rtsv7M4_T_le_v4SPD16_eabi.lib : s_copysign.c.obj (.text:copysign)
                  000157a0    00000014     systemFunctions.obj (.text:set_fpga_param)
                  000157b4    00000014     rtsv7M4_T_le_v4SPD16_eabi.lib : strcpy.c.obj (.text:strcpy)
                  000157c8    00000014                                   : strlen.c.obj (.text:strlen)
                  000157dc    00000012     driverlib.lib : gpio.obj (.text:GPIOPinTypeADC)
                  000157ee    00000012                   : gpio.obj (.text:GPIOPinTypeGPIOInput)
                  00015800    00000012                   : gpio.obj (.text:GPIOPinTypeSSI)
                  00015812    00000012                   : gpio.obj (.text:GPIOPinTypeUART)
                  00015824    00000012                   : gpio.obj (.text:GPIOPinTypeUSBAnalog)
                  00015836    00000012                   : gpio.obj (.text:GPIOPinTypeUSBDigital)
                  00015848    00000012                   : ssi.obj (.text:SSIDataGetNonBlocking)
                  0001585a    00000012                   : timer.obj (.text:TimerLoadSet)
                  0001586c    00000012                   : usb.obj (.text:USBDMAChannelDisable)
                  0001587e    00000012                   : usb.obj (.text:USBDMAChannelEnable)
                  00015890    00000012                   : usb.obj (.text:USBDMAChannelIntDisable)
                  000158a2    00000012                   : usb.obj (.text:USBDMAChannelIntEnable)
                  000158b4    00000012     rtsv7M4_T_le_v4SPD16_eabi.lib : wcslen.c.obj (.text:wcslen)
                  000158c6    00000010     driverlib.lib : interrupt.obj (.text:IntMasterEnable)
                  000158d6    00000002     --HOLE-- [fill = 000000ff]
                  000158d8    00000010     othInterfaceHandler.obj (.text:SysTickIntHandler)
                  000158e8    00000010     driverlib.lib : usb.obj (.text:USBEndpointStatus)
                  000158f8    00000010                   : watchdog.obj (.text:WatchdogIntRegister)
                  00015908    00000010                   : eeprom.obj (.text:_EEPROMWaitForDone)
                  00015918    00000010     othInterfaceHandler.obj (.text:enableTimer)
                  00015928    0000000e     driverlib.lib : adc.obj (.text:ADCSequenceEnable)
                  00015936    0000000e     usblib.lib : usbdma.obj (.text:DMAUSBIntStatusClear)
                  00015944    0000000e     driverlib.lib : timer.obj (.text:TimerEnable)
                  00015952    0000000e                   : uart.obj (.text:UARTCharGetNonBlocking)
                  00015960    0000000e                   : uart.obj (.text:UARTCharsAvail)
                  0001596e    0000000e                   : usb.obj (.text:USBDMAChannelStatus)
                  0001597c    0000000e                   : usb.obj (.text:USBDevLPMDisable)
                  0001598a    0000000e                   : usb.obj (.text:USBDevLPMEnable)
                  00015998    0000000e                   : usb.obj (.text:USBULPIDisable)
                  000159a6    0000000e                   : usb.obj (.text:USBULPIEnable)
                  000159b4    0000000e     rtsv7M4_T_le_v4SPD16_eabi.lib : copy_decompress_none.c.obj (.text:decompress:none:__TI_decompress_none)
                  000159c2    0000000c     driverlib.lib : cpu.obj (.text:CPUcpsie)
                  000159ce    0000000c     Adutil.obj (.text:ERR_PTR)
                  000159da    0000000c     usbdhid.obj (.text:HandleReset)
                  000159e6    0000000c     usbdhid.obj (.text:USBDHIDRemoteWakeupRequest)
                  000159f2    0000000c     driverlib.lib : usb.obj (.text:USBEndpointPacketCountSet)
                  000159fe    0000000c                   : usb.obj (.text:USBLPMIntEnable)
                  00015a0a    0000000c     othInterfaceHandler.obj (.text:bReset_board)
                  00015a16    0000000c     Adutil.obj (.text:clk_prepare_enable)
                  00015a22    0000000c     rtsv7M4_T_le_v4SPD16_eabi.lib : copy_zero_init.c.obj (.text:decompress:ZI:__TI_zero_init)
                  00015a2e    0000000a     driverlib.lib : adc.obj (.text:ADCIntClear)
                  00015a38    0000000a                   : ssi.obj (.text:SSIDataPut)
                  00015a42    0000000a                   : ssi.obj (.text:SSIEnable)
                  00015a4c    0000000a                   : uart.obj (.text:UARTCharPut)
                  00015a56    0000000a                   : uart.obj (.text:UARTFIFODisable)
                  00015a60    0000000a                   : uart.obj (.text:UARTIntStatus)
                  00015a6a    0000000a                   : usb.obj (.text:USBClockEnable)
                  00015a74    0000000a                   : usb.obj (.text:USBControllerVersion)
                  00015a7e    0000000a                   : usb.obj (.text:USBDMAChannelAddressSet)
                  00015a88    0000000a                   : usb.obj (.text:USBDMAChannelCountSet)
                  00015a92    0000000a                   : usb.obj (.text:USBDevConnect)
                  00015a9c    0000000a                   : usb.obj (.text:USBDevDisconnect)
                  00015aa6    0000000a                   : usb.obj (.text:USBIntStatusEndpoint)
                  00015ab0    0000000a                   : watchdog.obj (.text:WatchdogResetEnable)
                  00015aba    0000000a     rtsv7M4_T_le_v4SPD16_eabi.lib : sprintf.c.obj (.text:_outc)
                  00015ac4    00000008     driverlib.lib : ssi.obj (.text:SSIBusy)
                  00015acc    00000008                   : timer.obj (.text:TimerIntEnable)
                  00015ad4    00000008                   : uart.obj (.text:UARTIntEnable)
                  00015adc    00000008                   : usb.obj (.text:USBDevMode)
                  00015ae4    00000008                   : usb.obj (.text:USBFIFOAddrGet)
                  00015aec    00000008                   : usb.obj (.text:USBOTGMode)
                  00015af4    00000008     rtsv7M4_T_le_v4SPD16_eabi.lib : errno.c.obj (.text:__aeabi_errno_addr)
                  00015afc    00000008     usblib.lib : usbdma.obj (.text:iDMAUSBChannelIntDisable)
                  00015b04    00000008                : usbdma.obj (.text:iDMAUSBChannelIntEnable)
                  00015b0c    00000006     driverlib.lib : gpio.obj (.text:GPIOPinRead)
                  00015b12    00000006                   : gpio.obj (.text:GPIOPinWrite)
                  00015b18    00000006     tm4c1294kcpdt_startup_ccs.obj (.text:ResetISR)
                  00015b1e    00000006     driverlib.lib : sysctl.obj (.text:SysCtlDelay)
                  00015b24    00000006                   : uart.obj (.text:UARTClockSourceSet)
                  00015b2a    00000006                   : usb.obj (.text:USBDMAChannelIntStatus)
                  00015b30    00000006                   : usb.obj (.text:USBDevLPMConfig)
                  00015b36    00000006                   : usb.obj (.text:USBLPMIntStatus)
                  00015b3c    00000006                   : watchdog.obj (.text:WatchdogIntClear)
                  00015b42    00000006     usblib.lib : usbdma.obj (.text:iDMAUSBIntStatus)
                  00015b48    00000004                : usbdma.obj (.text:DMAUSBStatus)
                  00015b4c    00000004     driverlib.lib : timer.obj (.text:TimerIntClear)
                  00015b50    00000004                   : uart.obj (.text:UARTIntClear)
                  00015b54    00000004                   : usb.obj (.text:USBDevAddrSet)
                  00015b58    00000004                   : watchdog.obj (.text:WatchdogReloadSet)
                  00015b5c    00000004     rtsv7M4_T_le_v4SPD16_eabi.lib : printf.c.obj (.text:_outc)
                  00015b60    00000004                                   : printf.c.obj (.text:_outs)
                  00015b64    00000004                                   : pre_init.c.obj (.text:_system_pre_init)
                  00015b68    00000004                                   : exit.c.obj (.text:abort:abort)

.const     0    00015b6c    000016c4     
                  00015b6c    000008b2     ad9361.obj (.const:SynthLUT_FDD)
                  0001641e    00000002     systemFunctions.obj (.const:.string:$P$T0$1)
                  00016420    0000031e     modem_handler.obj (.const:.string)
                  0001673e    00000002     main.obj (.const:g_ppi8KeyUsageCodes)
                  00016740    000001b0     driverlib.lib : sysctl.obj (.const:g_pppui32XTALtoVCO)
                  000168f0    00000171     ad9361.obj (.const:full_gain_table)
                  00016a61    00000171     ad9361.obj (.const:split_gain_table)
                  00016bd2    00000101     rtsv7M4_T_le_v4SPD16_eabi.lib : ctype.c.obj (.const:.string:_ctypes_)
                  00016cd3    00000001     --HOLE-- [fill = 000000ff]
                  00016cd4    00000090     driverlib.lib : gpio.obj (.const:g_pui32GPIOBaseAddrs)
                  00016d64    00000070                   : interrupt.obj (.const)
                  00016dd4    0000006c                   : sysctl.obj (.const:g_pui32Xtals)
                  00016e40    00000040                   : uart.obj (.const:g_ppui32UARTIntMap)
                  00016e80    00000040                   : uart.obj (.const:g_ppui32UARTIntMapSnowflake)
                  00016ec0    00000034     usblib.lib : usbdenum.obj (.const:g_psUSBDStdRequests)
                  00016ef4    00000032     usb_keyb_structs.obj (.const:.string:g_pui8ConfigString)
                  00016f26    00000002     --HOLE-- [fill = 000000ff]
                  00016f28    00000030     usbdhid.obj (.const:g_sHIDHandlers)
                  00016f58    00000030     driverlib.lib : sysctl.obj (.const:g_sXTALtoMEMTIM)
                  00016f88    0000002a     usb_keyb_structs.obj (.const:.string:g_pui8HIDInterfaceString)
                  00016fb2    00000027     usbdhidkeyb.obj (.const:.string:g_pui8KeybReportDescriptor)
                  00016fd9    00000026     usb_keyb_structs.obj (.const:.string:g_pui8ProductString)
                  00016fff    00000001     --HOLE-- [fill = 000000ff]
                  00017000    00000024     ad9361_api.obj (.const:$P$T1$2)
                  00017024    00000024     usb_keyb_structs.obj (.const:.string:g_pui8ManufacturerString)
                  00017048    00000020     ad9361.obj (.const:.string:$P$T28$2)
                  00017068    00000020     ad9361.obj (.const:.string:$P$T32$3)
                  00017088    0000001d     ad9361.obj (.const:.string:$P$T55$8)
                  000170a5    0000001c     ad9361.obj (.const:$P$T34$4)
                  000170c1    0000001c     ad9361.obj (.const:.string:$P$T46$6)
                  000170dd    0000001b     ad9361.obj (.const:.string:$P$T48$7)
                  000170f8    0000001b     ad9361.obj (.const:.string:$P$T57$9)
                  00017113    0000001a     ad9361.obj (.const:.string:$P$T64$12)
                  0001712d    00000003     ad9361.obj (.const:.string:$P$T59$10)
                  00017130    00000018     usb_keyb_structs.obj (.const:g_ppui8StringDescriptors)
                  00017148    00000016     ad9361.obj (.const:.string:$P$T60$11)
                  0001715e    00000015     ad9361.obj (.const:.string:$P$T21$1)
                  00017173    00000012     usb_keyb_structs.obj (.const:.string:g_pui8SeriailNumberString)
                  00017185    00000003     --HOLE-- [fill = 000000ff]
                  00017188    00000010     ad9361_api.obj (.const:.string)
                  00017198    00000010     ad9361.obj (.const:.string:gm_st_ctrl)
                  000171a8    00000010     ad9361.obj (.const:.string:gm_st_gain)
                  000171b8    0000000d     ad9361.obj (.const:.string:$P$T35$5)
                  000171c5    0000000c     ad9361_api.obj (.const:.string:$P$T0$1)
                  000171d1    00000009     usbdhidkeyb.obj (.const:g_sKeybHIDDescriptor)
                  000171da    00000002     --HOLE-- [fill = 000000ff]
                  000171dc    00000008     ad9361_api.obj (.const:$P$T3$4)
                  000171e4    00000008     driverlib.lib : sysctl.obj (.const)
                  000171ec    00000008     modem_handler.obj (.const:final_ok_responses)
                  000171f4    00000008     usbdhidkeyb.obj (.const:g_sHIDConfigSection)
                  000171fc    00000008     usbdhidkeyb.obj (.const:g_sHIDInEndpointSection)
                  00017204    00000008     usbdhidkeyb.obj (.const:g_sHIDInterfaceSection)
                  0001720c    00000008     usbdhidkeyb.obj (.const:g_sHIDOutEndpointSection)
                  00017214    00000007     usbdhidkeyb.obj (.const:.string:g_pui8HIDInEndpoint)
                  0001721b    00000007     usbdhidkeyb.obj (.const:.string:g_pui8HIDOutEndpoint)
                  00017222    00000004     usb_keyb_structs.obj (.const:.string:g_pui8LangDescriptor)
                  00017226    00000002     --HOLE-- [fill = 000000ff]
                  00017228    00000004     usbdhidkeyb.obj (.const:g_ppsHIDConfigDescriptors)
                  0001722c    00000004     usbdhidkeyb.obj (.const:g_pui8KeybClassDescriptors)

.cinit     0    00017230    00000420     
                  00017230    000003eb     (.cinit..data.load) [load image, compression = lzss]
                  0001761b    00000001     --HOLE-- [fill = 000000ff]
                  0001761c    0000000c     (__TI_handler_table)
                  00017628    00000008     (.cinit..bss.load) [load image, compression = zero_init]
                  00017630    00000008     (.cinit..vtable.load) [load image, compression = zero_init]
                  00017638    00000018     (__TI_cinit_table)

.init_array 
*          0    00000000    00000000     UNINITIALIZED

.vtable    0    20000000    0000026c     UNINITIALIZED
                  20000000    0000026c     driverlib.lib : interrupt.obj (.vtable)

.stack     0    20000270    00014000     UNINITIALIZED
                  20000270    00000004     rtsv7M4_T_le_v4SPD16_eabi.lib : boot_cortex_m.c.obj (.stack)
                  20000274    00013ffc     --HOLE--

.sysmem    0    20014270    00014000     UNINITIALIZED
                  20014270    00000008     rtsv7M4_T_le_v4SPD16_eabi.lib : memory.c.obj (.sysmem)
                  20014278    00013ff8     --HOLE--

.bss       0    20028270    00001450     UNINITIALIZED
                  20028270    00000818     (.common:parse)
                  20028a88    00000214     (.common:gTriband_board)
                  20028c9c    00000180     (.common:gcBuf_usb)
                  20028e1c    00000160     (.common:bufRecFpga1)
                  20028f7c    00000160     (.common:bufRecFpga2)
                  200290dc    00000120     rtsv7M4_T_le_v4SPD16_eabi.lib : trgmsg.c.obj (.bss:_CIOBUF_)
                  200291fc    00000110     usblib.lib : usbdma.obj (.bss:g_psUSBDMAInst)
                  2002930c    000000c0     (.common:gHumpInfo_35t)
                  200293cc    000000c0     (.common:gHumpInfo_50t)
                  2002948c    000000a0     (.common:__TI_tmpnams)
                  2002952c    00000050     (.common:g_psDCDInst)
                  2002957c    00000040                : usbdenum.obj (.bss:g_pui8DataBufferIn)
                  200295bc    00000040     (.common:send_new)
                  200295fc    00000032     (.common:stPrevperipheralState)
                  2002962e    00000001     (.common:gLed_State)
                  2002962f    00000001     --HOLE--
                  20029630    00000020     (.common:ad9361_phy)
                  20029650    0000001b     (.common:systemAlarm)
                  2002966b    00000001     --HOLE--
                  2002966c    00000018     (.common:g_pfnTickHandlers)
                  20029684    00000018     (.common:g_pvTickInstance)
                  2002969c    00000008     (.common:parmbuf)
                  200296a4    00000004                : usbdenum.obj (.bss)
                  200296a8    00000004                : usbmode.obj (.bss)
                  200296ac    00000004     (.common:g_ppsDevInfo)
                  200296b0    00000004     (.common:myLocalmodem)
                  200296b4    00000004     (.common:ui32LastTickCount)
                  200296b8    00000004     (.common:ui32PLLRate)
                  200296bc    00000004     (.common:ui32SysClock)

.data      0    200296c0    000009a4     UNINITIALIZED
                  200296c0    00000208     adHandler.obj (.data:default_init_param)
                  200298c8    0000012c     adHandler.obj (.data:rx_fir_config)
                  200299f4    0000012c     adHandler.obj (.data:tx_fir_config)
                  20029b20    00000118     usb_keyb_structs.obj (.data:g_sKeyboardDevice)
                  20029c38    000000f0     rtsv7M4_T_le_v4SPD16_eabi.lib : defs.c.obj (.data:_ftable)
                  20029d28    00000078                                   : write.c.obj (.data:_device)
                  20029da0    00000050                                   : write.c.obj (.data:_stream)
                  20029df0    00000048     modem_handler.obj (.data:sim800_urc_responses)
                  20029e38    00000044     modem_handler.obj (.data:sim7600_urc_responses)
                  20029e7c    00000038     modem_handler.obj (.data:modem7600_urc_command_seq_gprs)
                  20029eb4    00000038     modem_handler.obj (.data:modem800_urc_command_seq_gprs)
                  20029eec    00000004     modem_handler.obj (.data)
                  20029ef0    00000028     main.obj (.data)
                  20029f18    0000001c     modem_handler.obj (.data:modem800_urc_command_seq_sms)
                  20029f34    0000001c     othInterfaceHandler.obj (.data)
                  20029f50    00000018     ad9361_api.obj (.data:axiadc_chip_info_tbl)
                  20029f68    00000018     modem_handler.obj (.data:data_mode_error)
                  20029f80    00000018     modem_handler.obj (.data:final_responses_error)
                  20029f98    00000018     modem_handler.obj (.data:modem7600_urc_command_seq_sms)
                  20029fb0    00000014     usbdhidkeyb.obj (.data:g_psHIDSections)
                  20029fc4    00000012     usbdhid.obj (.data:g_pui8HIDDeviceDescriptor)
                  20029fd6    00000002     --HOLE--
                  20029fd8    00000010     rtsv7M4_T_le_v4SPD16_eabi.lib : defs.c.obj (.data)
                  20029fe8    00000010     user_interface_recieve.obj (.data)
                  20029ff8    0000000c     rtsv7M4_T_le_v4SPD16_eabi.lib : exit.c.obj (.data:$O1$$)
                  2002a004    0000000c                                   : memory.c.obj (.data:$O1$$)
                  2002a010    0000000c     usblib.lib : usbtick.obj (.data)
                  2002a01c    00000009     usbdhidkeyb.obj (.data:g_pui8HIDInterface)
                  2002a025    00000009     usbdhidkeyb.obj (.data:g_pui8KeybDescriptor)
                  2002a02e    00000002     --HOLE--
                  2002a030    00000009     usblib.lib : usbmode.obj (.data)
                  2002a039    00000003     --HOLE--
                  2002a03c    00000008     rtsv7M4_T_le_v4SPD16_eabi.lib : _lock.c.obj (.data:$O1$$)
                  2002a044    00000008     usbdhidkeyb.obj (.data:g_sHIDConfigHeader)
                  2002a04c    00000008     usbdhidkeyb.obj (.data:g_sHIDDescriptorSection)
                  2002a054    00000008     usblib.lib : usbdenum.obj (.data)
                  2002a05c    00000004     rtsv7M4_T_le_v4SPD16_eabi.lib : errno.c.obj (.data)
                  2002a060    00000004                                   : strtok.c.obj (.data)

MODULE SUMMARY

       Module                          code    ro data   rw data
       ------                          ----    -------   -------
    .\
       ad9361.obj                      31780   3284      0      
       systemFunctions.obj             6691    2         0      
       modem_handler.obj               2827    806       2432   
       ad9361_api.obj                  5688    72        24     
       othInterfaceHandler.obj         3756    0         736    
       main.obj                        2836    2         1042   
       usbdhid.obj                     3324    48        82     
       user_interface_recieve.obj      2852    0         400    
       adHandler.obj                   1932    0         1152   
       Adutil.obj                      1764    0         0      
       tm4c1294kcpdt_startup_ccs.obj   12      512       0      
       usb_keyb_structs.obj            0       212       280    
       eepromHandler.obj               430     0         0      
       paHandler.obj                   352     0         0      
       spi_flash.obj                   220     0         0      
    +--+-------------------------------+-------+---------+---------+
       Total:                          64464   4938      6148   
                                                                
    .\drivers\
       pinout.obj                      392     0         0      
    +--+-------------------------------+-------+---------+---------+
       Total:                          392     0         0      
                                                                
    .\utils\
       usbdhidkeyb.obj                 1274    102       54     
       usbdhandler.obj                 36      0         0      
    +--+-------------------------------+-------+---------+---------+
       Total:                          1310    102       54     
                                                                
    C:\ti\ccsv6\tools\compiler\ti-cgt-arm_18.1.4.LTS\lib\rtsv7M4_T_le_v4SPD16_eabi.lib
       _printfi.c.obj                  4867    0         0      
       memory.c.obj                    492     0         12     
       fd_add_t2.asm.obj               438     0         0      
       defs.c.obj                      0       0         416    
       trgmsg.c.obj                    108     0         288    
       fd_div_t2.asm.obj               310     0         0      
       fputs.c.obj                     276     0         0      
       s_scalbn.c.obj                  272     0         0      
       fd_cmp_t2.asm.obj               268     0         0      
       ctype.c.obj                     0       257       0      
       fd_mul_t2.asm.obj               252     0         0      
       write.c.obj                     40      0         200    
       setvbuf.c.obj                   220     0         0      
       memcpy_t2.asm.obj               156     0         0      
       ull_div_t2.asm.obj              150     0         0      
       fputc.c.obj                     140     0         0      
       memset_t2.asm.obj               122     0         0      
       fclose.c.obj                    116     0         0      
       getdevice.c.obj                 116     0         0      
       printf.c.obj                    112     0         0      
       copy_decompress_lzss.c.obj      104     0         0      
       hostlseek.c.obj                 104     0         0      
       hostopen.c.obj                  96      0         8      
       hostrename.c.obj                104     0         0      
       fseek.c.obj                     100     0         0      
       s_frexp.c.obj                   100     0         0      
       _io_perm.c.obj                  98      0         0      
       sprintf.c.obj                   98      0         0      
       close.c.obj                     92      0         0      
       exit.c.obj                      76      0         12     
       hostread.c.obj                  88      0         0      
       hostwrite.c.obj                 88      0         0      
       ltoa.c.obj                      84      0         0      
       atoi.c.obj                      76      0         0      
       fflush.c.obj                    76      0         0      
       fd_toi_t2.asm.obj               72      0         0      
       autoinit.c.obj                  68      0         0      
       hostclose.c.obj                 68      0         0      
       hostunlink.c.obj                68      0         0      
       strtok.c.obj                    64      0         4      
       boot_cortex_m.c.obj             56      0         0      
       fs_tod_t2.asm.obj               56      0         0      
       strncpy.c.obj                   54      0         0      
       fopen.c.obj                     52      0         0      
       strstr.c.obj                    52      0         0      
       i_tofd_t2.asm.obj               46      0         0      
       strncmp.c.obj                   44      0         0      
       unlink.c.obj                    44      0         0      
       strspn.c.obj                    42      0         0      
       lseek.c.obj                     40      0         0      
       strcspn.c.obj                   36      0         0      
       memchr.c.obj                    32      0         0      
       ll_lsr_t2.asm.obj               30      0         0      
       strcat.c.obj                    30      0         0      
       memccpy.c.obj                   28      0         0      
       ll_mul_t2.asm.obj               24      0         0      
       strcmp.c.obj                    24      0         0      
       strchr.c.obj                    22      0         0      
       s_copysign.c.obj                20      0         0      
       strcpy.c.obj                    20      0         0      
       strlen.c.obj                    20      0         0      
       wcslen.c.obj                    18      0         0      
       copy_decompress_none.c.obj      14      0         0      
       copy_zero_init.c.obj            12      0         0      
       errno.c.obj                     8       0         4      
       _lock.c.obj                     2       0         8      
       pre_init.c.obj                  4       0         0      
       div0.asm.obj                    2       0         0      
    +--+-------------------------------+-------+---------+---------+
       Total:                          11011   257       952    
                                                                
    c:/ti/TivaWare_C_Series-2.1.4.178/examples/boards/ek-tm4c1294xl/usb_dev_keyboard/ccs/../../../../../driverlib/ccs/Debug/driverlib.lib
       sysctl.obj                      886     596       0      
       usb.obj                         1326    0         0      
       interrupt.obj                   376     112       620    
       gpio.obj                        564     144       0      
       eeprom.obj                      464     0         0      
       uart.obj                        286     128       0      
       udma.obj                        328     0         0      
       adc.obj                         226     0         0      
       timer.obj                       164     0         0      
       ssi.obj                         106     0         0      
       watchdog.obj                    36      0         0      
       cpu.obj                         12      0         0      
    +--+-------------------------------+-------+---------+---------+
       Total:                          4774    980       620    
                                                                
    c:/ti/TivaWare_C_Series-2.1.4.178/examples/boards/ek-tm4c1294xl/usb_dev_keyboard/ccs/../../../../../usblib/ccs/Debug/usblib.lib
       usbdenum.obj                    3088    52        160    
       usbdma.obj                      2030    0         272    
       usbdconfig.obj                  576     0         0      
       usbdcdesc.obj                   360     0         0      
       usbtick.obj                     160     0         60     
       usbdesc.obj                     86      0         0      
       usbulpi.obj                     82      0         0      
       usbmode.obj                     36      0         13     
    +--+-------------------------------+-------+---------+---------+
       Total:                          6418    52        505    
                                                                
       Heap:                           0       0         81920  
       Stack:                          0       0         81920  
       Linker Generated:               0       1055      0      
    +--+-------------------------------+-------+---------+---------+
       Grand Total:                    88369   7384      172119 


LINKER GENERATED COPY TABLES

__TI_cinit_table @ 00017638 records: 3, size/record: 8, table size: 24
	.data: load addr=00017230, load size=000003eb bytes, run addr=200296c0, run size=000009a4 bytes, compression=lzss
	.bss: load addr=00017628, load size=00000008 bytes, run addr=20028270, run size=00001450 bytes, compression=zero_init
	.vtable: load addr=00017630, load size=00000008 bytes, run addr=20000000, run size=0000026c bytes, compression=zero_init


LINKER GENERATED HANDLER TABLE

__TI_handler_table @ 0001761c records: 3, size/record: 4, table size: 12
	index: 0, handler: __TI_zero_init
	index: 1, handler: __TI_decompress_lzss
	index: 2, handler: __TI_decompress_none


GLOBAL SYMBOLS: SORTED ALPHABETICALLY BY Name 

address   name                              
-------   ----                              
00015a2f  ADCIntClear                       
000131c9  ADCSequenceConfigure              
00015929  ADCSequenceEnable                 
0001170d  ADCSequenceStepConfigure          
00015b69  C$$EXIT                           
000146bb  C$$IO$$                           
000159c3  CPUcpsie                          
00013efd  EEPROMInit                        
0000fabd  EEPROMProgram                     
0001453d  EEPROMRead                        
000156ed  EEPROMSizeGet                     
000159cf  ERR_PTR                           
20029f40  FLAG                              
00012cc1  FPGA1IntHandler                   
00012d19  FPGA2IntHandler                   
00014ecd  GPIODirModeSet                    
0000d29f  GPIOPadConfigSet                  
00013869  GPIOPinConfigure                  
00015b0d  GPIOPinRead                       
000157dd  GPIOPinTypeADC                    
000157ef  GPIOPinTypeGPIOInput              
00015545  GPIOPinTypeGPIOOutput             
00015801  GPIOPinTypeSSI                    
00015813  GPIOPinTypeUART                   
00015825  GPIOPinTypeUSBAnalog              
00015837  GPIOPinTypeUSBDigital             
00015b13  GPIOPinWrite                      
00013c9d  HOSTclose                         
000122b9  HOSTlseek                         
00012911  HOSTopen                          
00012d71  HOSTread                          
00012321  HOSTrename                        
00013ce1  HOSTunlink                        
00012dc9  HOSTwrite                         
00012389  IntDisable                        
000123f1  IntEnable                         
000125f9  IntIsEnabled                      
000158c7  IntMasterEnable                   
000148f1  IntRegister                       
00014fc9  Int_Watchdog                      
000145ad  InternalUSBRegisterTickHandler    
000145e5  InternalUSBStartOfFrameTick       
00014bf5  InternalUSBTickInit               
0001265d  KeyboardHandler                   
00014ff1  LedBlink                          
00014c25  LogIntHandler                     
0000ba55  PinoutSet                         
00015b19  ResetISR                          
00014d6d  SPI_TRANSMIT                      
00015ac5  SSIBusy                           
00014279  SSIConfigSetExpClk                
00015849  SSIDataGetNonBlocking             
00015a39  SSIDataPut                        
00015a43  SSIEnable                         
00012e21  SendCharUSB                       
00011b49  SendString                        
0000a349  SysCtlClockFreqSet                
00015b1f  SysCtlDelay                       
00014959  SysCtlPeripheralEnable            
00013219  SysCtlPeripheralReset             
00015701  SysCtlUSBPLLEnable                
00011d8d  SysCtlVCOGet                      
000158d9  SysTickIntHandler                 
00012971  TimerConfigure                    
0001555d  TimerDisable                      
00015945  TimerEnable                       
00015b4d  TimerIntClear                     
00015acd  TimerIntEnable                    
0001585b  TimerLoadSet                      
00015953  UARTCharGetNonBlocking            
00015a4d  UARTCharPut                       
00015961  UARTCharsAvail                    
00015b25  UARTClockSourceSet                
00013c11  UARTConfigSetExpClk               
000152fd  UARTDisable                       
00015715  UARTEnable                        
00015a57  UARTFIFODisable                   
00015b51  UARTIntClear                      
00015ad5  UARTIntEnable                     
00015575  UARTIntRegister                   
00015a61  UARTIntStatus                     
00013125  ULPIConfigSet                     
00015109  USB0DeviceIntHandler              
00015a6b  USBClockEnable                    
00015a75  USBControllerVersion              
00013269  USBDCDConfigDescGet               
00014d99  USBDCDConfigDescGetNum            
00015511  USBDCDConfigDescGetSize           
00015469  USBDCDConfigGetInterface          
0001461d  USBDCDConfigGetInterfaceEndpoint  
000138f9  USBDCDDeviceInfoInit              
00010d95  USBDCDFeatureSet                  
0000c5e1  USBDCDInit                        
000142f1  USBDCDRemoteWakeupRequest         
00015729  USBDCDRequestDataEP0              
0001573d  USBDCDSendDataEP0                 
00015485  USBDCDStallEP0                    
0000c1bd  USBDHIDCompositeInit              
0001484d  USBDHIDInit                       
0000dc01  USBDHIDKeyboardCompositeInit      
00012fd5  USBDHIDKeyboardInit               
0000e70b  USBDHIDKeyboardKeyStateChange     
0001567d  USBDHIDKeyboardRemoteWakeupRequest
0000fe85  USBDHIDPacketRead                 
000159e7  USBDHIDRemoteWakeupRequest        
00011615  USBDHIDReportWrite                
0001537d  USBDHIDTxPacketAvailable          
00015a7f  USBDMAChannelAddressSet           
00015751  USBDMAChannelConfigSet            
00015a89  USBDMAChannelCountSet             
0001586d  USBDMAChannelDisable              
0001587f  USBDMAChannelEnable               
00015891  USBDMAChannelIntDisable           
000158a3  USBDMAChannelIntEnable            
00015b2b  USBDMAChannelIntStatus            
0001596f  USBDMAChannelStatus               
00014dc5  USBDescGet                        
00014ef7  USBDescGetNum                     
00015b55  USBDevAddrSet                     
00015a93  USBDevConnect                     
00015a9d  USBDevDisconnect                  
00011787  USBDevEndpointConfigSet           
00014f21  USBDevEndpointDataAck             
00014b61  USBDevEndpointStall               
0001373f  USBDevEndpointStallClear          
00012b4f  USBDevEndpointStatusClear         
00015b31  USBDevLPMConfig                   
0001597d  USBDevLPMDisable                  
0001598b  USBDevLPMEnable                   
00015add  USBDevMode                        
0000cb1d  USBDeviceConfig                   
00010f45  USBDeviceConfigAlternate          
0000f0dd  USBDeviceEnumHandler              
00013941  USBDeviceEnumResetHandler         
0000c881  USBDeviceIntHandlerInternal       
000132b9  USBDeviceResumeTickHandler        
0001552b  USBEndpointDMAChannel             
0001352d  USBEndpointDMAConfigSet           
0001512d  USBEndpointDMADisable             
00015151  USBEndpointDMAEnable              
00013c57  USBEndpointDataGet                
00014883  USBEndpointDataPut                
0001498d  USBEndpointDataSend               
000159f3  USBEndpointPacketCountSet         
000158e9  USBEndpointStatus                 
00015ae5  USBFIFOAddrGet                    
0001441d  USBFIFOConfigSet                  
00015765  USBHostResume                     
00015041  USBIntEnableControl               
00015693  USBIntEnableEndpoint              
00014655  USBIntStatusControl               
00015aa7  USBIntStatusEndpoint              
000159ff  USBLPMIntEnable                   
00015b37  USBLPMIntStatus                   
0000c321  USBLibDMAInit                     
00015aed  USBOTGMode                        
00015175  USBStackModeSet                   
00015999  USBULPIDisable                    
000159a7  USBULPIEnable                     
0001539b  USBULPIRegRead                    
000153b9  USBULPIRegWrite                   
00012e79  WaitForSendIdle                   
00015b3d  WatchdogIntClear                  
000158f9  WatchdogIntRegister               
00015b59  WatchdogReloadSet                 
00015ab1  WatchdogResetEnable               
200290dc  __CIOBUF_                         
20014270  __STACK_END                       
00014000  __STACK_SIZE                      
20000670  __STACK_TOP                       
00014000  __SYSMEM_SIZE                     
00017638  __TI_CINIT_Base                   
00017650  __TI_CINIT_Limit                  
0001761c  __TI_Handler_Table_Base           
00017628  __TI_Handler_Table_Limit          
00013d69  __TI_auto_init_nobinit_nopinit    
[...]
0000bbdd  initmodem                         
0000bd65  ad9361_set_trx_clock_chain        
0000bee7  __aeabi_idiv0                     
0000bee7  __aeabi_ldiv0                     
0000c055  ad9361_rfpll_set_rate             
0000c1bd  USBDHIDCompositeInit              
0000c321  USBLibDMAInit                     
0000c5e1  USBDCDInit                        
0000c881  USBDeviceIntHandlerInternal       
0000c9d1  general_timer_hadler              
0000cb1d  USBDeviceConfig                   
0000cc65  accumelateData                    
0000d02d  ad9361_ensm_force_state           
0000d169  __aeabi_ddiv                      
0000d29f  GPIOPadConfigSet                  
0000d765  ilog2                             
0000dadd  read_all_data                     
0000dc01  USBDHIDKeyboardCompositeInit      
0000dd1d  fputs                             
0000de31  ldexp                             
0000de31  ldexpl                            
0000de31  scalbn                            
0000de31  scalbnl                           
0000df41  ad9361_trx_load_enable_fir        
0000e049  get_hump_info                     
0000e14d  __aeabi_dmul                      
0000e70b  USBDHIDKeyboardKeyStateChange     
0000e7f9  spi_write_then_read               
0000e8e9  ad9361_set_rx_gain                
0000e9d5  clk_get_rate                      
0000ee45  ad9361_ensm_restore_prev_state    
0000ef25  setvbuf                           
0000f001  validateData                      
0000f0dd  USBDeviceEnumHandler              
0000f1b5  doOther                           
0000f28d  free                              
0000f365  set_band_info                     
0000f43d  ad9361_tracking_control           
0000f789  usb_string_sender                 
0000f859  ad9361_set_tx_atten               
0000fabd  EEPROMProgram                     
0000fb81  ad9361_bbpll_round_rate           
0000fd05  collect_data_in_buffer            
0000fdc5  ad9361_rfpll_round_rate           
0000fe85  USBDHIDPacketRead                 
0000fffd  ad9361_set_ensm_mode              
000102d5  ad9361_clk_factor_round_rate      
00010385  pa_downlink_onoff                 
00010435  pa_uplink_onoff                   
00010637  ad9361_rfpll_recalc_rate          
00010785  ad9361_bbpll_recalc_rate          
00010829  ad9361_do_calib_run               
000108cb  ad9361_update_rf_bandwidth        
00010a09  __aeabi_memcpy                    
00010a09  __aeabi_memcpy4                   
00010a09  __aeabi_memcpy8                   
00010a09  memcpy                            
00010b3d  init_usb                          
00010c6b  __aeabi_uldivmod                  
00010d01  ad9361_set_trx_fir_en_dis         
00010d95  USBDCDFeatureSet                  
00010f45  USBDeviceConfigAlternate          
00010fd1  ad9361_clk_factor_set_rate        
0001105d  fputc                             
0001105d  putc                              
000111fb  __aeabi_cdcmpeq                   
000111fb  __aeabi_cdcmple                   
00011281  __aeabi_cdrcmple                  
0001138d  uDMAChannelTransferSet            
00011411  ad9361_find_opt                   
00011495  ad9361_spi_write                  
00011615  USBDHIDReportWrite                
0001170d  ADCSequenceStepConfigure          
00011787  USBDevEndpointConfigSet           
00011801  __aeabi_memclr                    
00011801  __aeabi_memclr4                   
00011801  __aeabi_memclr8                   
00011803  __aeabi_memset                    
00011803  __aeabi_memset4                   
00011803  __aeabi_memset8                   
00011809  memset                            
0001196d  malloc                            
000119e5  modem_uart_handler                
00011a5d  ad9361_rf_port_setup              
00011b49  SendString                        
00011bbd  __TI_closefile                    
00011ca5  m25p16_init2                      
00011d8d  SysCtlVCOGet                      
00011edd  ad9361_spi_readm                  
0001209b  ad9361_set_tx_attenuation         
00012109  __ffs                             
00012175  ad9361_init_gain_tables           
000121e1  ad9361_reset                      
0001224d  setheader                         
000122b9  HOSTlseek                         
00012321  HOSTrename                        
00012389  IntDisable                        
000123f1  IntEnable                         
00012459  ad9361_validate_rf_bw             
000124c1  __TI_decompress_lzss              
00012529  m25p16_init1                      
00012591  printf                            
000125f9  IntIsEnabled                      
0001265d  KeyboardHandler                   
000126c1  frexp                             
000126c1  frexpl                            
00012725  fseek                             
000127ed  __TI_wrt_ok                       
00012911  HOSTopen                          
00012971  TimerConfigure                    
00012a31  __ad9361_spi_writef               
00012b4f  USBDevEndpointStatusClear         
00012bad  close                             
00012c09  footer                            
00012c65  program_eeprom_band               
00012cc1  FPGA1IntHandler                   
00012d19  FPGA2IntHandler                   
00012d71  HOSTread                          
00012dc9  HOSTwrite                         
00012e21  SendCharUSB                       
00012e79  WaitForSendIdle                   
00012f27  int_sqrt                          
00012fd5  USBDHIDKeyboardInit               
00013029  ltoa                              
0001307d  set_ad_att_dl                     
000130d1  set_lo_freq                       
00013125  ULPIConfigSet                     
000131c9  ADCSequenceConfigure              
00013219  SysCtlPeripheralReset             
00013269  USBDCDConfigDescGet               
000132b9  USBDeviceResumeTickHandler        
00013359  ad_ctrl_mode_dl                   
000133a9  set_ad_att_ul                     
0001352d  USBEndpointDMAConfigSet           
00013579  __TI_doflush                      
00013611  ad_ctrl_mode_ul                   
0001365d  atoi                              
0001373f  USBDevEndpointStallClear          
00013869  GPIOPinConfigure                  
000138f9  USBDCDDeviceInfoInit              
00013941  USBDeviceEnumResetHandler         
00013a19  ad9361_set_rx_gain_control_mode   
00013aa9  at_prefix_in_table                
00013af1  exit                              
00013b39  fpga_reset                        
00013b81  __aeabi_d2iz                      
00013bc9  uDMAChannelAttributeDisable       
00013c11  UARTConfigSetExpClk               
00013c57  USBEndpointDataGet                
00013c9d  HOSTclose                         
00013ce1  HOSTunlink                        
00013d69  __TI_auto_init_nobinit_nopinit    
00013dad  ad9361_set_rx_rf_gain             
00013df1  getdevice                         
00013e35  set_rx_gain_downlink              
00013ebb  do_div                            
00013efd  EEPROMInit                        
00013f7d  ad9361_en_dis_rx                  
00013fbd  ad9361_en_dis_tx                  
00014000  __STACK_SIZE                      
00014000  __SYSMEM_SIZE                     
0001403d  ad9361_rfpll_int_round_rate       
0001407d  ad9361_set_dcxo_tune              
000140bd  ad9361_set_rx_fir_config          
000140fd  modemLoop                         
0001413d  set_rx_gain_uplink                
0001417d  sprintf                           
000141bd  strtok                            
00014279  SSIConfigSetExpClk                
000142f1  USBDCDRemoteWakeupRequest         
000143e1  set_hump_info                     
0001441d  USBFIFOConfigSet                  
00014457  ad9361_set_tx_fir_config          
00014491  ad9361_spi_read                   
000144cb  parser_append                     
0001453d  EEPROMRead                        
000145ad  InternalUSBRegisterTickHandler    
000145e5  InternalUSBStartOfFrameTick       
0001461d  USBDCDConfigGetInterfaceEndpoint  
00014655  USBIntStatusControl               
0001468d  __TI_writemsg                     
000146bb  C$$IO$$                           
000146c5  _c_int00_noargs                   
0001476d  minit                             
000147a5  __aeabi_f2d                       
000147dd  sendDataToModem                   
00014815  set_calib_info                    
0001484d  USBDHIDInit                       
00014883  USBEndpointDataPut                
000148b9  strncpy                           
000148f1  IntRegister                       
00014959  SysCtlPeripheralEnable            
0001498d  USBEndpointDataSend               
000149f5  __TI_cleanup                      
00014a29  __TI_readmsg                      
00014a91  ad9361_set_tx_lo_freq             
00014af9  modem_timer_hadler                
00014b2d  strstr                            
00014b61  USBDevEndpointStall               
00014bf5  InternalUSBTickInit               
00014c25  LogIntHandler                     
00014c85  finddevice                        
00014cb5  responseImmediate                 
00014d13  __aeabi_i2d                       
00014d6d  SPI_TRANSMIT                      
00014d99  USBDCDConfigDescGetNum            
00014dc5  USBDescGet                        
00014df1  ad9361_clk_factor_recalc_rate     
00014e49  strncmp                           
00014ea1  remove                            
00014ea1  unlink                            
00014ecd  GPIODirModeSet                    
00014ef7  USBDescGetNum                     
00014f21  USBDevEndpointDataAck             
00014f4b  ad9361_set_rx_lo_freq             
00014f75  at_parser_reset                   
00014f9f  strspn                            
00014fc9  Int_Watchdog                      
00014ff1  LedBlink                          
00015041  USBIntEnableControl               
00015069  lseek                             
000150b9  uDMAChannelModeGet                
000150e1  write                             
00015109  USB0DeviceIntHandler              
0001512d  USBEndpointDMADisable             
00015151  USBEndpointDMAEnable              
00015175  USBStackModeSet                   
000151bd  ad9361_rfpll_dummy_set_rate       
00015229  strcspn                           
0001524d  uDMAChannelControlSet             
00015271  zmalloc                           
00015295  itoa                              
000152fd  UARTDisable                       
0001533d  memchr                            
0001535d  set_modem_info                    
0001537d  USBDHIDTxPacketAvailable          
0001539b  USBULPIRegRead                    
000153b9  USBULPIRegWrite                   
000153d7  ad9361_rfpll_dummy_recalc_rate    
000153f5  __aeabi_llsr                      
00015413  strcat                            
00015469  USBDCDConfigGetInterface          
00015485  USBDCDStallEP0                    
000154bd  get_system_info                   
000154d9  memccpy                           
00015511  USBDCDConfigDescGetSize           
0001552b  USBEndpointDMAChannel             
00015545  GPIOPinTypeGPIOOutput             
0001555d  TimerDisable                      
00015575  UARTIntRegister                   
000155d5  logdata                           
000155ed  program_eeprom                    
00015605  read_eeprom_system                
0001561d  __aeabi_lmul                      
00015635  strcmp                            
0001564d  uDMAChannelDisable                
00015665  uDMAChannelEnable                 
0001567d  USBDHIDKeyboardRemoteWakeupRequest
00015693  USBIntEnableEndpoint              
000156a9  ad9361_from_clk                   
000156bf  ad9361_to_clk                     
000156d5  strchr                            
000156ed  EEPROMSizeGet                     
00015701  SysCtlUSBPLLEnable                
00015715  UARTEnable                        
00015729  USBDCDRequestDataEP0              
0001573d  USBDCDSendDataEP0                 
00015751  USBDMAChannelConfigSet            
00015765  USBHostResume                     
0001578d  copysign                          
0001578d  copysignl                         
000157a1  set_fpga_param                    
000157b5  strcpy                            
000157c9  strlen                            
000157dd  GPIOPinTypeADC                    
000157ef  GPIOPinTypeGPIOInput              
00015801  GPIOPinTypeSSI                    
00015813  GPIOPinTypeUART                   
00015825  GPIOPinTypeUSBAnalog              
00015837  GPIOPinTypeUSBDigital             
00015849  SSIDataGetNonBlocking             
0001585b  TimerLoadSet                      
0001586d  USBDMAChannelDisable              
0001587f  USBDMAChannelEnable               
00015891  USBDMAChannelIntDisable           
000158a3  USBDMAChannelIntEnable            
000158b5  wcslen                            
000158c7  IntMasterEnable                   
000158d9  SysTickIntHandler                 
000158e9  USBEndpointStatus                 
000158f9  WatchdogIntRegister               
00015919  enableTimer                       
00015929  ADCSequenceEnable                 
00015945  TimerEnable                       
00015953  UARTCharGetNonBlocking            
00015961  UARTCharsAvail                    
0001596f  USBDMAChannelStatus               
0001597d  USBDevLPMDisable                  
0001598b  USBDevLPMEnable                   
00015999  USBULPIDisable                    
000159a7  USBULPIEnable                     
000159b5  __TI_decompress_none              
000159c3  CPUcpsie                          
000159cf  ERR_PTR                           
000159e7  USBDHIDRemoteWakeupRequest        
000159f3  USBEndpointPacketCountSet         
000159ff  USBLPMIntEnable                   
00015a0b  bReset_board                      
00015a17  clk_prepare_enable                
00015a23  __TI_zero_init                    
00015a2f  ADCIntClear                       
00015a39  SSIDataPut                        
00015a43  SSIEnable                         
00015a4d  UARTCharPut                       
00015a57  UARTFIFODisable                   
00015a61  UARTIntStatus                     
00015a6b  USBClockEnable                    
00015a75  USBControllerVersion              
00015a7f  USBDMAChannelAddressSet           
00015a89  USBDMAChannelCountSet             
00015a93  USBDevConnect                     
00015a9d  USBDevDisconnect                  
00015aa7  USBIntStatusEndpoint              
00015ab1  WatchdogResetEnable               
00015ac5  SSIBusy                           
00015acd  TimerIntEnable                    
00015ad5  UARTIntEnable                     
00015add  USBDevMode                        
00015ae5  USBFIFOAddrGet                    
00015aed  USBOTGMode                        
00015af5  __aeabi_errno_addr                
00015b0d  GPIOPinRead                       
00015b13  GPIOPinWrite                      
00015b19  ResetISR                          
00015b1f  SysCtlDelay                       
00015b25  UARTClockSourceSet                
00015b2b  USBDMAChannelIntStatus            
00015b31  USBDevLPMConfig                   
00015b37  USBLPMIntStatus                   
00015b3d  WatchdogIntClear                  
00015b4d  TimerIntClear                     
00015b51  UARTIntClear                      
00015b55  USBDevAddrSet                     
00015b59  WatchdogReloadSet                 
00015b65  _system_pre_init                  
00015b69  C$$EXIT                           
00015b69  abort                             
00016bd2  _ctypes_                          
00016ef4  g_pui8ConfigString                
00016f28  g_sHIDHandlers                    
00016f88  g_pui8HIDInterfaceString          
00016fd9  g_pui8ProductString               
00017024  g_pui8ManufacturerString          
00017130  g_ppui8StringDescriptors          
00017173  g_pui8SeriailNumberString         
00017222  g_pui8LangDescriptor              
0001761c  __TI_Handler_Table_Base           
00017628  __TI_Handler_Table_Limit          
00017638  __TI_CINIT_Base                   
00017650  __TI_CINIT_Limit                  
20000000  g_pfnRAMVectors                   
20000270  __stack                           
20000670  __STACK_TOP                       
20014270  __STACK_END                       
20014270  _sys_memory                       
20028270  parse                             
20028a88  gTriband_board                    
20028c9c  gcBuf_usb                         
20028e1c  bufRecFpga1                       
20028f7c  bufRecFpga2                       
200290dc  __CIOBUF_                         
2002930c  gHumpInfo_35t                     
200293cc  gHumpInfo_50t                     
2002948c  __TI_tmpnams                      
2002952c  g_psDCDInst                       
200295bc  send_new                          
200295fc  stPrevperipheralState             
2002962e  gLed_State                        
20029630  ad9361_phy                        
20029650  systemAlarm                       
2002966c  g_pfnTickHandlers                 
20029684  g_pvTickInstance                  
2002969c  parmbuf                           
200296ac  g_ppsDevInfo                      
200296b0  myLocalmodem                      
200296b4  ui32LastTickCount                 
200296b8  ui32PLLRate                       
200296bc  ui32SysClock                      
200296c0  default_init_param                
200298c8  rx_fir_config                     
200299f4  tx_fir_config                     
20029b20  g_sKeyboardDevice                 
20029c38  _ftable                           
20029d28  _device                           
20029da0  _stream                           
20029eec  g_iModem_ready                    
20029ef0  gL_currentTime                    
20029ef8  g_ui32Flags                       
20029efc  giflgDataRecved                   
20029f00  bLastSuspend                      
20029f01  g_bConnected                      
20029f02  trigger                           
20029f03  g_bSuspended                      
20029f08  gCounter                          
20029f10  g_eKeyboardState                  
20029f14  gi_sendAlarm                      
20029f34  g_ui32UARTTxCount                 
20029f38  g_ui32UARTRxCount                 
20029f3c  g_ui32SysTickCount                
20029f40  FLAG                              
20029f44  cntrRecFpga1                      
20029f45  cntrRecFpga2                      
20029f46  counter                           
20029f47  counter_01                        
20029f48  clearwatchdog                     
20029f4c  gblink_state                      
20029fc4  g_pui8HIDDeviceDescriptor         
20029fd8  __TI_ft_end                       
20029fdc  __aeabi_stdin                     
20029fe0  __aeabi_stdout                    
20029fe4  __aeabi_stderr                    
20029fe8  data_new_conter                   
20029fec  giBuf_cnter                       
20029ff0  giExpected_gui_datalen            
20029ff4  giRecvd_gui_len                   
20029ff8  __TI_cleanup_ptr                  
20029ffc  __TI_dtors_ptr                    
2002a000  __TI_enable_exit_profile_output   
2002a010  g_bUSBTimerInitialized            
2002a014  g_ui32CurrentUSBTick              
2002a018  g_ui32USBSOFCount                 
2002a030  g_iUSBMode                        
2002a034  g_ui32WaitTicks                   
2002a03c  _lock                             
2002a040  _unlock                           
2002a05c  errno                             
ffffffff  __TI_pprof_out_hndl               
ffffffff  __TI_prof_data_size               
ffffffff  __TI_prof_data_start              
ffffffff  __binit__                         
ffffffff  __c_args__                        
ffffffff  binit                             
UNDEFED   __mpu_init                        
UNDEFED   _system_post_cinit                

[476 symbols]
